\BOOKMARK [0][]{chapter.1}{1 泰山职业技术学院}{}% 1
\BOOKMARK [1][]{section.1.1}{1.1 信息技术工程系}{chapter.1}% 2
